Archive member included to satisfy reference by file (symbol)

e:/private/imtmaterial/imttools/sdk/imt_sdk_win_64/winarm/armgcc/bin/../lib/gcc/arm-none-eabi/7.2.1/../../../../arm-none-eabi/lib/thumb/v7e-m\libg_nano.a(lib_a-errno.o)
                              ./system/src/newlib/_sbrk.o (__errno)
e:/private/imtmaterial/imttools/sdk/imt_sdk_win_64/winarm/armgcc/bin/../lib/gcc/arm-none-eabi/7.2.1/../../../../arm-none-eabi/lib/thumb/v7e-m\libg_nano.a(lib_a-impure.o)
                              e:/private/imtmaterial/imttools/sdk/imt_sdk_win_64/winarm/armgcc/bin/../lib/gcc/arm-none-eabi/7.2.1/../../../../arm-none-eabi/lib/thumb/v7e-m\libg_nano.a(lib_a-errno.o) (_impure_ptr)
e:/private/imtmaterial/imttools/sdk/imt_sdk_win_64/winarm/armgcc/bin/../lib/gcc/arm-none-eabi/7.2.1/../../../../arm-none-eabi/lib/thumb/v7e-m\libg_nano.a(lib_a-strlen.o)
                              ./system/src/diag/Trace.o (strlen)
e:/private/imtmaterial/imttools/sdk/imt_sdk_win_64/winarm/armgcc/bin/../lib/gcc/arm-none-eabi/7.2.1/../../../../arm-none-eabi/lib/thumb/v7e-m\libg_nano.a(lib_a-vsnprintf.o)
                              ./system/src/diag/Trace.o (vsnprintf)
e:/private/imtmaterial/imttools/sdk/imt_sdk_win_64/winarm/armgcc/bin/../lib/gcc/arm-none-eabi/7.2.1/../../../../arm-none-eabi/lib/thumb/v7e-m\libg_nano.a(lib_a-nano-svfprintf.o)
                              e:/private/imtmaterial/imttools/sdk/imt_sdk_win_64/winarm/armgcc/bin/../lib/gcc/arm-none-eabi/7.2.1/../../../../arm-none-eabi/lib/thumb/v7e-m\libg_nano.a(lib_a-vsnprintf.o) (_svfprintf_r)
e:/private/imtmaterial/imttools/sdk/imt_sdk_win_64/winarm/armgcc/bin/../lib/gcc/arm-none-eabi/7.2.1/../../../../arm-none-eabi/lib/thumb/v7e-m\libg_nano.a(lib_a-nano-vfprintf_i.o)
                              e:/private/imtmaterial/imttools/sdk/imt_sdk_win_64/winarm/armgcc/bin/../lib/gcc/arm-none-eabi/7.2.1/../../../../arm-none-eabi/lib/thumb/v7e-m\libg_nano.a(lib_a-nano-svfprintf.o) (_printf_i)
e:/private/imtmaterial/imttools/sdk/imt_sdk_win_64/winarm/armgcc/bin/../lib/gcc/arm-none-eabi/7.2.1/../../../../arm-none-eabi/lib/thumb/v7e-m\libg_nano.a(lib_a-memchr.o)
                              e:/private/imtmaterial/imttools/sdk/imt_sdk_win_64/winarm/armgcc/bin/../lib/gcc/arm-none-eabi/7.2.1/../../../../arm-none-eabi/lib/thumb/v7e-m\libg_nano.a(lib_a-nano-svfprintf.o) (memchr)
e:/private/imtmaterial/imttools/sdk/imt_sdk_win_64/winarm/armgcc/bin/../lib/gcc/arm-none-eabi/7.2.1/../../../../arm-none-eabi/lib/thumb/v7e-m\libg_nano.a(lib_a-memcpy-stub.o)
                              e:/private/imtmaterial/imttools/sdk/imt_sdk_win_64/winarm/armgcc/bin/../lib/gcc/arm-none-eabi/7.2.1/../../../../arm-none-eabi/lib/thumb/v7e-m\libg_nano.a(lib_a-nano-svfprintf.o) (memcpy)
e:/private/imtmaterial/imttools/sdk/imt_sdk_win_64/winarm/armgcc/bin/../lib/gcc/arm-none-eabi/7.2.1/../../../../arm-none-eabi/lib/thumb/v7e-m\libg_nano.a(lib_a-memmove.o)
                              e:/private/imtmaterial/imttools/sdk/imt_sdk_win_64/winarm/armgcc/bin/../lib/gcc/arm-none-eabi/7.2.1/../../../../arm-none-eabi/lib/thumb/v7e-m\libg_nano.a(lib_a-nano-svfprintf.o) (memmove)
e:/private/imtmaterial/imttools/sdk/imt_sdk_win_64/winarm/armgcc/bin/../lib/gcc/arm-none-eabi/7.2.1/../../../../arm-none-eabi/lib/thumb/v7e-m\libg_nano.a(lib_a-nano-freer.o)
                              e:/private/imtmaterial/imttools/sdk/imt_sdk_win_64/winarm/armgcc/bin/../lib/gcc/arm-none-eabi/7.2.1/../../../../arm-none-eabi/lib/thumb/v7e-m\libg_nano.a(lib_a-nano-svfprintf.o) (_free_r)
e:/private/imtmaterial/imttools/sdk/imt_sdk_win_64/winarm/armgcc/bin/../lib/gcc/arm-none-eabi/7.2.1/../../../../arm-none-eabi/lib/thumb/v7e-m\libg_nano.a(lib_a-nano-mallocr.o)
                              e:/private/imtmaterial/imttools/sdk/imt_sdk_win_64/winarm/armgcc/bin/../lib/gcc/arm-none-eabi/7.2.1/../../../../arm-none-eabi/lib/thumb/v7e-m\libg_nano.a(lib_a-nano-svfprintf.o) (_malloc_r)
e:/private/imtmaterial/imttools/sdk/imt_sdk_win_64/winarm/armgcc/bin/../lib/gcc/arm-none-eabi/7.2.1/../../../../arm-none-eabi/lib/thumb/v7e-m\libg_nano.a(lib_a-nano-reallocr.o)
                              e:/private/imtmaterial/imttools/sdk/imt_sdk_win_64/winarm/armgcc/bin/../lib/gcc/arm-none-eabi/7.2.1/../../../../arm-none-eabi/lib/thumb/v7e-m\libg_nano.a(lib_a-nano-svfprintf.o) (_realloc_r)
e:/private/imtmaterial/imttools/sdk/imt_sdk_win_64/winarm/armgcc/bin/../lib/gcc/arm-none-eabi/7.2.1/../../../../arm-none-eabi/lib/thumb/v7e-m\libg_nano.a(lib_a-sbrkr.o)
                              e:/private/imtmaterial/imttools/sdk/imt_sdk_win_64/winarm/armgcc/bin/../lib/gcc/arm-none-eabi/7.2.1/../../../../arm-none-eabi/lib/thumb/v7e-m\libg_nano.a(lib_a-nano-mallocr.o) (_sbrk_r)
e:/private/imtmaterial/imttools/sdk/imt_sdk_win_64/winarm/armgcc/bin/../lib/gcc/arm-none-eabi/7.2.1/../../../../arm-none-eabi/lib/thumb/v7e-m\libg_nano.a(lib_a-mlock.o)
[...]
Memory Configuration

Name             Origin             Length             Attributes
RAM              0x20000000         0x00010000         xrw
CCMRAM           0x10000000         0x00000000         xrw
FLASH            0x08000000         0x00040000         xr
FLASHB1          0x00000000         0x00000000         xr
EXTMEMB0         0x00000000         0x00000000         xr
EXTMEMB1         0x00000000         0x00000000         xr
EXTMEMB2         0x00000000         0x00000000         xr
EXTMEMB3         0x00000000         0x00000000         xr
*default*        0x00000000         0xffffffff

Linker script and memory map

LOAD ./system/src/stm32f4-hal/stm32f4xx_hal.o
LOAD ./system/src/stm32f4-hal/stm32f4xx_hal_cortex.o
LOAD ./system/src/stm32f4-hal/stm32f4xx_hal_dfsdm.o
LOAD ./system/src/stm32f4-hal/stm32f4xx_hal_flash.o
LOAD ./system/src/stm32f4-hal/stm32f4xx_hal_gpio.o
LOAD ./system/src/stm32f4-hal/stm32f4xx_hal_iwdg.o
LOAD ./system/src/stm32f4-hal/stm32f4xx_hal_pwr.o
LOAD ./system/src/stm32f4-hal/stm32f4xx_hal_rcc.o
LOAD ./system/src/newlib/_cxx.o
LOAD ./system/src/newlib/_exit.o
LOAD ./system/src/newlib/_sbrk.o
LOAD ./system/src/newlib/_startup.o
LOAD ./system/src/newlib/_syscalls.o
LOAD ./system/src/newlib/assert.o
LOAD ./system/src/diag/Trace.o
LOAD ./system/src/diag/trace_impl.o
LOAD ./system/src/cortexm/_initialize_hardware.o
LOAD ./system/src/cortexm/_reset_hardware.o
LOAD ./system/src/cortexm/exception_handlers.o
LOAD ./system/src/cmsis/system_stm32f4xx.o
LOAD ./system/src/cmsis/vectors_stm32f401xc.o
LOAD ./src/EXTI_program.o
LOAD ./src/GPIO_program.o
LOAD ./src/IR_program.o
LOAD ./src/NVIC_program.o
LOAD ./src/RCC_program.o
LOAD ./src/SYSCFG_program.o
LOAD ./src/SYSTICK_program.o
LOAD ./src/_initialize_hardware.o
LOAD ./src/_write.o
LOAD ./src/main.o
LOAD ./src/stm32f4xx_hal_msp.o
LOAD e:/private/imtmaterial/imttools/sdk/imt_sdk_win_64/winarm/armgcc/bin/../lib/gcc/arm-none-eabi/7.2.1/../../../../arm-none-eabi/lib/thumb/v7e-m\libstdc++_nano.a
LOAD e:/private/imtmaterial/imttools/sdk/imt_sdk_win_64/winarm/armgcc/bin/../lib/gcc/arm-none-eabi/7.2.1/../../../../arm-none-eabi/lib/thumb/v7e-m\libm.a
START GROUP
LOAD e:/private/imtmaterial/imttools/sdk/imt_sdk_win_64/winarm/armgcc/bin/../lib/gcc/arm-none-eabi/7.2.1/thumb/v7e-m\libgcc.a
LOAD e:/private/imtmaterial/imttools/sdk/imt_sdk_win_64/winarm/armgcc/bin/../lib/gcc/arm-none-eabi/7.2.1/../../../../arm-none-eabi/lib/thumb/v7e-m\libg_nano.a
LOAD e:/private/imtmaterial/imttools/sdk/imt_sdk_win_64/winarm/armgcc/bin/../lib/gcc/arm-none-eabi/7.2.1/../../../../arm-none-eabi/lib/thumb/v7e-m\libc_nano.a
END GROUP
START GROUP
LOAD e:/private/imtmaterial/imttools/sdk/imt_sdk_win_64/winarm/armgcc/bin/../lib/gcc/arm-none-eabi/7.2.1/thumb/v7e-m\libgcc.a
LOAD e:/private/imtmaterial/imttools/sdk/imt_sdk_win_64/winarm/armgcc/bin/../lib/gcc/arm-none-eabi/7.2.1/../../../../arm-none-eabi/lib/thumb/v7e-m\libc_nano.a
END GROUP
                0x20010000                __stack = (ORIGIN (RAM) + LENGTH (RAM))
                0x20010000                _estack = __stack
                0x00000400                __Main_Stack_Size = 0x400
                [!provide]                PROVIDE (_Main_Stack_Size, __Main_Stack_Size)
                0x2000fc00                __Main_Stack_Limit = (__stack - __Main_Stack_Size)
                [!provide]                PROVIDE (_Main_Stack_Limit, __Main_Stack_Limit)
                0x00000100                _Minimum_Stack_Size = 0x100
                0x2000022c                PROVIDE (_Heap_Begin, _end_noinit)
                0x2000fc00                PROVIDE (_Heap_Limit, (__stack - __Main_Stack_Size))

.isr_vector     0x08000000      0x3f4
 FILL mask 0xff
                0x08000000                __vectors_start = ABSOLUTE (.)
                0x08000000                __vectors_start__ = ABSOLUTE (.)
 *(.isr_vector)
 .isr_vector    0x08000000      0x194 ./system/src/cmsis/vectors_stm32f401xc.o
                0x08000000                __isr_vectors
 *(.cfmconfig)
 *(.after_vectors .after_vectors.*)
 .after_vectors
                0x08000194      0x130 ./system/src/newlib/_startup.o
                0x08000194                _start
 .after_vectors
                0x080002c4      0x12c ./system/src/cortexm/exception_handlers.o
                0x080002c4                Reset_Handler
                0x080002ca                NMI_Handler
                0x080002ce                HardFault_Handler
                0x080002e2                HardFault_Handler_C
                0x08000340                MemManage_Handler
                0x08000344                BusFault_Handler
                0x08000358                BusFault_Handler_C
                0x0800038c                UsageFault_Handler
                0x080003a0                UsageFault_Handler_C
                0x080003d4                SVC_Handler
                0x080003d8                DebugMon_Handler
                0x080003dc                PendSV_Handler
 .after_vectors
                0x080003f0        0x4 ./system/src/cmsis/vectors_stm32f401xc.o
                0x080003f0                RTC_Alarm_IRQHandler
                0x080003f0                SPI4_IRQHandler
                0x080003f0                TIM1_CC_IRQHandler
                0x080003f0                DMA2_Stream5_IRQHandler
                0x080003f0                DMA1_Stream5_IRQHandler
                0x080003f0                PVD_IRQHandler
                0x080003f0                SDIO_IRQHandler
                0x080003f0                TAMP_STAMP_IRQHandler
                0x080003f0                TIM1_UP_TIM10_IRQHandler
                0x080003f0                I2C3_ER_IRQHandler
                0x080003f0                I2C2_EV_IRQHandler
                0x080003f0                DMA1_Stream2_IRQHandler
                0x080003f0                FPU_IRQHandler
                0x080003f0                DMA2_Stream2_IRQHandler
                0x080003f0                SPI1_IRQHandler
                0x080003f0                TIM1_BRK_TIM9_IRQHandler
                0x080003f0                DMA2_Stream3_IRQHandler
                0x080003f0                USART6_IRQHandler
                0x080003f0                DMA2_Stream0_IRQHandler
                0x080003f0                TIM4_IRQHandler
                0x080003f0                I2C1_EV_IRQHandler
                0x080003f0                DMA1_Stream6_IRQHandler
                0x080003f0                DMA1_Stream1_IRQHandler
                0x080003f0                TIM3_IRQHandler
                0x080003f0                RCC_IRQHandler
                0x080003f0                Default_Handler
                0x080003f0                EXTI15_10_IRQHandler
                0x080003f0                ADC_IRQHandler
                0x080003f0                DMA1_Stream7_IRQHandler
                0x080003f0                TIM5_IRQHandler
                0x080003f0                DMA2_Stream7_IRQHandler
                0x080003f0                I2C3_EV_IRQHandler
                0x080003f0                EXTI9_5_IRQHandler
                0x080003f0                RTC_WKUP_IRQHandler
                0x080003f0                SPI2_IRQHandler
                0x080003f0                DMA1_Stream0_IRQHandler
                0x080003f0                WWDG_IRQHandler
                0x080003f0                TIM2_IRQHandler
                0x080003f0                OTG_FS_WKUP_IRQHandler
                0x080003f0                TIM1_TRG_COM_TIM11_IRQHandler
                0x080003f0                USART2_IRQHandler
                0x080003f0                I2C2_ER_IRQHandler
                0x080003f0                DMA2_Stream1_IRQHandler
                0x080003f0                FLASH_IRQHandler
                0x080003f0                DMA2_Stream4_IRQHandler
                0x080003f0                USART1_IRQHandler
                0x080003f0                OTG_FS_IRQHandler
                0x080003f0                SPI3_IRQHandler
                0x080003f0                DMA1_Stream4_IRQHandler
                0x080003f0                I2C1_ER_IRQHandler
                0x080003f0                DMA2_Stream6_IRQHandler
                0x080003f0                DMA1_Stream3_IRQHandler

.inits          0x080003f4       0x28
                0x080003f4                __data_regions_array_start = .
                0x080003f4        0x4 LONG 0x8002468 LOADADDR (.data)
                0x080003f8        0x4 LONG 0x20000000 ADDR (.data)
                0x080003fc        0x4 LONG 0x20000078 (ADDR (.data) + SIZEOF (.data))
                0x08000400        0x4 LONG 0x8002468 LOADADDR (.data_CCMRAM)
                0x08000404        0x4 LONG 0x10000000 ADDR (.data_CCMRAM)
                0x08000408        0x4 LONG 0x10000000 (ADDR (.data_CCMRAM) + SIZEOF (.data_CCMRAM))
                0x0800040c                __data_regions_array_end = .
                0x0800040c                __bss_regions_array_start = .
                0x0800040c        0x4 LONG 0x20000078 ADDR (.bss)
                0x08000410        0x4 LONG 0x2000022c (ADDR (.bss) + SIZEOF (.bss))
                0x08000414        0x4 LONG 0x10000000 ADDR (.bss_CCMRAM)
                0x08000418        0x4 LONG 0x10000000 (ADDR (.bss_CCMRAM) + SIZEOF (.bss_CCMRAM))
                0x0800041c                __bss_regions_array_end = .
 *(.init)
 *(.fini)
                0x0800041c                . = ALIGN (0x4)
                0x0800041c                PROVIDE (__preinit_array_start, .)
 *(.preinit_array_sysinit .preinit_array_sysinit.*)
 *(.preinit_array_platform .preinit_array_platform.*)
 *(.preinit_array .preinit_array.*)
                0x0800041c                PROVIDE (__preinit_array_end, .)
                0x0800041c                . = ALIGN (0x4)
                0x0800041c                PROVIDE (__init_array_start, .)
 *(SORT_BY_NAME(.init_array.*))
 *(.init_array)
                0x0800041c                PROVIDE (__init_array_end, .)
                0x0800041c                . = ALIGN (0x4)
                0x0800041c                PROVIDE (__fini_array_start, .)
 *(SORT_BY_NAME(.fini_array.*))
 *(.fini_array)
                0x0800041c                PROVIDE (__fini_array_end, .)

.flashtext
 *(.flashtext .flashtext.*)

.text           0x08000420     0x2047
 *(.text .text.*)
 .text.HAL_InitTick
                0x08000420       0x2c ./system/src/stm32f4-hal/stm32f4xx_hal.o
                0x08000420                HAL_InitTick
 .text.HAL_Init
                0x0800044c       0x34 ./system/src/stm32f4-hal/stm32f4xx_hal.o
                0x0800044c                HAL_Init
 .text.HAL_GetTick
                0x08000480        0xc ./system/src/stm32f4-hal/stm32f4xx_hal.o
                0x08000480                HAL_GetTick
 .text.HAL_NVIC_SetPriorityGrouping
                0x0800048c       0x3c ./system/src/stm32f4-hal/stm32f4xx_hal_cortex.o
                0x0800048c                HAL_NVIC_SetPriorityGrouping
 .text.HAL_NVIC_SetPriority
                0x080004c8       0x8c ./system/src/stm32f4-hal/stm32f4xx_hal_cortex.o
                0x080004c8                HAL_NVIC_SetPriority
 .text.HAL_SYSTICK_Config
                0x08000554       0x2c ./system/src/stm32f4-hal/stm32f4xx_hal_cortex.o
                0x08000554                HAL_SYSTICK_Config
 .text.HAL_SYSTICK_CLKSourceConfig
                0x08000580       0x3c ./system/src/stm32f4-hal/stm32f4xx_hal_cortex.o
                0x08000580                HAL_SYSTICK_CLKSourceConfig
 .text.HAL_RCC_OscConfig
                0x080005bc      0x43c ./system/src/stm32f4-hal/stm32f4xx_hal_rcc.o
                0x080005bc                HAL_RCC_OscConfig
 .text.HAL_RCC_GetSysClockFreq
                0x080009f8       0x94 ./system/src/stm32f4-hal/stm32f4xx_hal_rcc.o
                0x080009f8                HAL_RCC_GetSysClockFreq
 .text.HAL_RCC_ClockConfig
                0x08000a8c      0x258 ./system/src/stm32f4-hal/stm32f4xx_hal_rcc.o
                0x08000a8c                HAL_RCC_ClockConfig
 .text.HAL_RCC_GetHCLKFreq
                0x08000ce4        0xc ./system/src/stm32f4-hal/stm32f4xx_hal_rcc.o
                0x08000ce4                HAL_RCC_GetHCLKFreq
 .text._exit    0x08000cf0        0x2 ./system/src/newlib/_exit.o
                0x08000cf0                _exit
 *fill*         0x08000cf2        0x2 
 .text.abort    0x08000cf4       0x14 ./system/src/newlib/_exit.o
                0x08000cf4                abort
 .text._sbrk    0x08000d08       0x44 ./system/src/newlib/_sbrk.o
                0x08000d08                _sbrk
 .text.__initialize_args
                0x08000d4c       0x10 ./system/src/newlib/_syscalls.o
                0x08000d4c                __initialize_args
 .text.assert_failed
                0x08000d5c       0x14 ./system/src/newlib/assert.o
                0x08000d5c                assert_failed
 .text.trace_printf
                0x08000d70       0x30 ./system/src/diag/Trace.o
                0x08000d70                trace_printf
 .text.trace_puts
                0x08000da0       0x20 ./system/src/diag/Trace.o
                0x08000da0                trace_puts
 .text._trace_write_semihosting_debug
                0x08000dc0       0x60 ./system/src/diag/trace_impl.o
 .text.trace_write
                0x08000e20        0x8 ./system/src/diag/trace_impl.o
                0x08000e20                trace_write
 .text.__initialize_hardware_early
                0x08000e28       0x18 ./system/src/cortexm/_initialize_hardware.o
                0x08000e28                __initialize_hardware_early
 .text.dumpExceptionStack
                0x08000e40       0xf4 ./system/src/cortexm/exception_handlers.o
                0x08000e40                dumpExceptionStack
 .text.isSemihosting
                0x08000f34       0x20 ./system/src/cortexm/exception_handlers.o
                0x08000f34                isSemihosting
 .text.SystemInit
                0x08000f54       0x40 ./system/src/cmsis/system_stm32f4xx.o
                0x08000f54                SystemInit
 .text.SystemCoreClockUpdate
                0x08000f94       0xa0 ./system/src/cmsis/system_stm32f4xx.o
                0x08000f94                SystemCoreClockUpdate
 .text.MEXTI_voidEnableInterrupt
                0x08001034       0x18 ./src/EXTI_program.o
                0x08001034                MEXTI_voidEnableInterrupt
 .text.MEXTI_ChangeSenseMode
                0x0800104c       0x58 ./src/EXTI_program.o
                0x0800104c                MEXTI_ChangeSenseMode
 .text.MEXTI_voidSetCallBack
                0x080010a4       0x10 ./src/EXTI_program.o
                0x080010a4                MEXTI_voidSetCallBack
 .text.EXTI0_IRQHandler
                0x080010b4       0x20 ./src/EXTI_program.o
                0x080010b4                EXTI0_IRQHandler
 .text.EXTI1_IRQHandler
                0x080010d4       0x20 ./src/EXTI_program.o
                0x080010d4                EXTI1_IRQHandler
 .text.EXTI2_IRQHandler
                0x080010f4       0x20 ./src/EXTI_program.o
                0x080010f4                EXTI2_IRQHandler
 .text.EXTI3_IRQHandler
                0x08001114       0x20 ./src/EXTI_program.o
                0x08001114                EXTI3_IRQHandler
 .text.EXTI4_IRQHandler
                0x08001134       0x20 ./src/EXTI_program.o
                0x08001134                EXTI4_IRQHandler
 .text.MGPIO_voidInit
                0x08001154       0x4c ./src/GPIO_program.o
                0x08001154                MGPIO_voidInit
 .text.MGPIO_voidSetPinMode
                0x080011a0       0x70 ./src/GPIO_program.o
                0x080011a0                MGPIO_voidSetPinMode
 .text.MGPIO_voidSetOutputPinMode
                0x08001210       0x8c ./src/GPIO_program.o
                0x08001210                MGPIO_voidSetOutputPinMode
 .text.MGPIO_voidSetOutputPinSpeed
                0x0800129c       0x70 ./src/GPIO_program.o
                0x0800129c                MGPIO_voidSetOutputPinSpeed
 .text.MGPIO_voidSetPinValue
                0x0800130c       0x8c ./src/GPIO_program.o
                0x0800130c                MGPIO_voidSetPinValue
 .text.HIR_voidTakeAction
                0x08001398       0x5c ./src/IR_program.o
                0x08001398                HIR_voidTakeAction
 .text.HIR_voidGetRemoteFrame
                0x080013f4       0x50 ./src/IR_program.o
                0x080013f4                HIR_voidGetRemoteFrame
 .text.HIR_voidInit
                0x08001444       0x58 ./src/IR_program.o
                0x08001444                HIR_voidInit
 .text.MNVIC_voidInit
                0x0800149c       0x14 ./src/NVIC_program.o
                0x0800149c                MNVIC_voidInit
 .text.MNVIC_voidEnablePeripheralInterrupt
                0x080014b0       0x18 ./src/NVIC_program.o
                0x080014b0                MNVIC_voidEnablePeripheralInterrupt
 .text.MRCC_voidInit
                0x080014c8       0xa8 ./src/RCC_program.o
                0x080014c8                MRCC_voidInit
 .text.MRCC_voidEnablePeripheralClock
                0x08001570       0x5c ./src/RCC_program.o
                0x08001570                MRCC_voidEnablePeripheralClock
 .text.MSYSCFG_voidSetEXTISourceInput
                0x080015cc       0x88 ./src/SYSCFG_program.o
                0x080015cc                MSYSCFG_voidSetEXTISourceInput
 .text.MSTK_voidInit
                0x08001654       0x20 ./src/SYSTICK_program.o
                0x08001654                MSTK_voidInit
 .text.MSTK_voidEnableSTK
                0x08001674       0x10 ./src/SYSTICK_program.o
                0x08001674                MSTK_voidEnableSTK
 .text.MSTK_u32GetElapsedTime
                0x08001684       0x10 ./src/SYSTICK_program.o
                0x08001684                MSTK_u32GetElapsedTime
 .text.MSTK_voidResetSystick
                0x08001694        0xc ./src/SYSTICK_program.o
                0x08001694                MSTK_voidResetSystick
 .text.MSTK_voidSetSingleInterval
                0x080016a0       0x30 ./src/SYSTICK_program.o
                0x080016a0                MSTK_voidSetSingleInterval
 .text.SysTick_Handler
                0x080016d0       0x38 ./src/SYSTICK_program.o
                0x080016d0                SysTick_Handler
 .text.SystemClock_Config
                0x08001708       0x98 ./src/_initialize_hardware.o
                0x08001708                SystemClock_Config
 .text.__initialize_hardware
                0x080017a0       0x10 ./src/_initialize_hardware.o
                0x080017a0                __initialize_hardware
 .text.main     0x080017b0      0x174 ./src/main.o
                0x080017b0                main
 .text.HAL_MspInit
                0x08001924        0x2 ./src/stm32f4xx_hal_msp.o
                0x08001924                HAL_MspInit
 *fill*         0x08001926        0x2 
 .text.__errno  0x08001928        0xc e:/private/imtmaterial/imttools/sdk/imt_sdk_win_64/winarm/armgcc/bin/../lib/gcc/arm-none-eabi/7.2.1/../../../../arm-none-eabi/lib/thumb/v7e-m\libg_nano.a(lib_a-errno.o)
                0x08001928                __errno
 .text          0x08001934       0x10 e:/private/imtmaterial/imttools/sdk/imt_sdk_win_64/winarm/armgcc/bin/../lib/gcc/arm-none-eabi/7.2.1/../../../../arm-none-eabi/lib/thumb/v7e-m\libg_nano.a(lib_a-strlen.o)
                0x08001934                strlen
 .text._vsnprintf_r
                0x08001944       0x58 e:/private/imtmaterial/imttools/sdk/imt_sdk_win_64/winarm/armgcc/bin/../lib/gcc/arm-none-eabi/7.2.1/../../../../arm-none-eabi/lib/thumb/v7e-m\libg_nano.a(lib_a-vsnprintf.o)
                0x08001944                _vsniprintf_r
                0x08001944                _vsnprintf_r
 .text.vsnprintf
                0x0800199c       0x1c e:/private/imtmaterial/imttools/sdk/imt_sdk_win_64/winarm/armgcc/bin/../lib/gcc/arm-none-eabi/7.2.1/../../../../arm-none-eabi/lib/thumb/v7e-m\libg_nano.a(lib_a-vsnprintf.o)
                0x0800199c                vsniprintf
                0x0800199c                vsnprintf
 .text.__ssputs_r
                0x080019b8       0xb4 e:/private/imtmaterial/imttools/sdk/imt_sdk_win_64/winarm/armgcc/bin/../lib/gcc/arm-none-eabi/7.2.1/../../../../arm-none-eabi/lib/thumb/v7e-m\libg_nano.a(lib_a-nano-svfprintf.o)
                0x080019b8                __ssputs_r
 .text._svfprintf_r
                0x08001a6c      0x1ec e:/private/imtmaterial/imttools/sdk/imt_sdk_win_64/winarm/armgcc/bin/../lib/gcc/arm-none-eabi/7.2.1/../../../../arm-none-eabi/lib/thumb/v7e-m\libg_nano.a(lib_a-nano-svfprintf.o)
                0x08001a6c                _svfiprintf_r
                0x08001a6c                _svfprintf_r
 .text._printf_common
                0x08001c58       0xea e:/private/imtmaterial/imttools/sdk/imt_sdk_win_64/winarm/armgcc/bin/../lib/gcc/arm-none-eabi/7.2.1/../../../../arm-none-eabi/lib/thumb/v7e-m\libg_nano.a(lib_a-nano-vfprintf_i.o)
                0x08001c58                _printf_common
 *fill*         0x08001d42        0x2 
 .text._printf_i
                0x08001d44      0x224 e:/private/imtmaterial/imttools/sdk/imt_sdk_win_64/winarm/armgcc/bin/../lib/gcc/arm-none-eabi/7.2.1/../../../../arm-none-eabi/lib/thumb/v7e-m\libg_nano.a(lib_a-nano-vfprintf_i.o)
                0x08001d44                _printf_i
 *fill*         0x08001f68        0x8 
 .text          0x08001f70       0xa0 e:/private/imtmaterial/imttools/sdk/imt_sdk_win_64/winarm/armgcc/bin/../lib/gcc/arm-none-eabi/7.2.1/../../../../arm-none-eabi/lib/thumb/v7e-m\libg_nano.a(lib_a-memchr.o)
                0x08001f70                memchr
 .text.memcpy   0x08002010       0x16 e:/private/imtmaterial/imttools/sdk/imt_sdk_win_64/winarm/armgcc/bin/../lib/gcc/arm-none-eabi/7.2.1/../../../../arm-none-eabi/lib/thumb/v7e-m\libg_nano.a(lib_a-memcpy-stub.o)
                0x08002010                memcpy
 .text.memmove  0x08002026       0x32 e:/private/imtmaterial/imttools/sdk/imt_sdk_win_64/winarm/armgcc/bin/../lib/gcc/arm-none-eabi/7.2.1/../../../../arm-none-eabi/lib/thumb/v7e-m\libg_nano.a(lib_a-memmove.o)
                0x08002026                memmove
 .text._free_r  0x08002058       0x9c e:/private/imtmaterial/imttools/sdk/imt_sdk_win_64/winarm/armgcc/bin/../lib/gcc/arm-none-eabi/7.2.1/../../../../arm-none-eabi/lib/thumb/v7e-m\libg_nano.a(lib_a-nano-freer.o)
                0x08002058                _free_r
 .text._malloc_r
                0x080020f4       0xb4 e:/private/imtmaterial/imttools/sdk/imt_sdk_win_64/winarm/armgcc/bin/../lib/gcc/arm-none-eabi/7.2.1/../../../../arm-none-eabi/lib/thumb/v7e-m\libg_nano.a(lib_a-nano-mallocr.o)
                0x080020f4                _malloc_r
 .text._realloc_r
                0x080021a8       0x4c e:/private/imtmaterial/imttools/sdk/imt_sdk_win_64/winarm/armgcc/bin/../lib/gcc/arm-none-eabi/7.2.1/../../../../arm-none-eabi/lib/thumb/v7e-m\libg_nano.a(lib_a-nano-reallocr.o)
                0x080021a8                _realloc_r
 .text._sbrk_r  0x080021f4       0x20 e:/private/imtmaterial/imttools/sdk/imt_sdk_win_64/winarm/armgcc/bin/../lib/gcc/arm-none-eabi/7.2.1/../../../../arm-none-eabi/lib/thumb/v7e-m\libg_nano.a(lib_a-sbrkr.o)
                0x080021f4                _sbrk_r
 .text.__malloc_lock
                0x08002214        0x2 e:/private/imtmaterial/imttools/sdk/imt_sdk_win_64/winarm/armgcc/bin/../lib/gcc/arm-none-eabi/7.2.1/../../../../arm-none-eabi/lib/thumb/v7e-m\libg_nano.a(lib_a-mlock.o)
                0x08002214                __malloc_lock
 .text.__malloc_unlock
                0x08002216        0x2 e:/private/imtmaterial/imttools/sdk/imt_sdk_win_64/winarm/armgcc/bin/../lib/gcc/arm-none-eabi/7.2.1/../../../../arm-none-eabi/lib/thumb/v7e-m\libg_nano.a(lib_a-mlock.o)
                0x08002216                __malloc_unlock
 .text._malloc_usable_size_r
                0x08002218       0x10 e:/private/imtmaterial/imttools/sdk/imt_sdk_win_64/winarm/armgcc/bin/../lib/gcc/arm-none-eabi/7.2.1/../../../../arm-none-eabi/lib/thumb/v7e-m\libg_nano.a(lib_a-nano-msizer.o)
                0x08002218                _malloc_usable_size_r
 *(.rodata .rodata.* .constdata .constdata.*)
 .rodata.HAL_NVIC_SetPriorityGrouping.str1.4
                0x08002228       0x31 ./system/src/stm32f4-hal/stm32f4xx_hal_cortex.o
 *fill*         0x08002259        0x3 
 .rodata.APBAHBPrescTable
                0x0800225c       0x10 ./system/src/stm32f4-hal/stm32f4xx_hal_rcc.o
                0x0800225c                APBAHBPrescTable
 .rodata.HAL_RCC_OscConfig.str1.4
                0x0800226c       0x2e ./system/src/stm32f4-hal/stm32f4xx_hal_rcc.o
 *fill*         0x0800229a        0x2 
 .rodata.abort.str1.4
                0x0800229c       0x14 ./system/src/newlib/_exit.o
 .rodata.assert_failed.str1.4
                0x080022b0       0x2b ./system/src/newlib/assert.o
 .rodata.trace_puts.str1.4
                0x080022db       0x2b ./system/src/diag/Trace.o
                                  0x2 (size before relaxing)
 *fill*         0x080022db        0x1 
 .rodata.dumpExceptionStack.str1.4
                0x080022dc      0x11a ./system/src/cortexm/exception_handlers.o
 *fill*         0x080023f6        0x2 
 .rodata.str1.4
                0x080023f8       0x2c ./system/src/cortexm/exception_handlers.o
                                 0x2a (size before relaxing)
 .rodata.AHBPrescTable
                0x08002424       0x10 ./system/src/cmsis/system_stm32f4xx.o
                0x08002424                AHBPrescTable
 .rodata._svfprintf_r.str1.1
                0x08002434       0x11 e:/private/imtmaterial/imttools/sdk/imt_sdk_win_64/winarm/armgcc/bin/../lib/gcc/arm-none-eabi/7.2.1/../../../../arm-none-eabi/lib/thumb/v7e-m\libg_nano.a(lib_a-nano-svfprintf.o)
 .rodata._printf_i.str1.1
                0x08002445       0x22 e:/private/imtmaterial/imttools/sdk/imt_sdk_win_64/winarm/armgcc/bin/../lib/gcc/arm-none-eabi/7.2.1/../../../../arm-none-eabi/lib/thumb/v7e-m\libg_nano.a(lib_a-nano-vfprintf_i.o)
 *(vtable)
 *(.eh_frame*)
 *(.glue_7)
 .glue_7        0x08002467        0x0 linker stubs
 *(.glue_7t)
 .glue_7t       0x08002467        0x0 linker stubs

.vfp11_veneer   0x08002468        0x0
 .vfp11_veneer  0x08002468        0x0 linker stubs

.v4_bx          0x08002468        0x0
 .v4_bx         0x08002468        0x0 linker stubs

.iplt           0x08002468        0x0
 .iplt          0x08002468        0x0 ./system/src/stm32f4-hal/stm32f4xx_hal.o

.rel.dyn        0x08002468        0x0
 .rel.iplt      0x08002468        0x0 ./system/src/stm32f4-hal/stm32f4xx_hal.o

.ARM.extab
 *(.ARM.extab* .gnu.linkonce.armextab.*)
                0x08002468                . = ALIGN (0x4)
                0x08002468                __exidx_start = .

.ARM.exidx
 *(.ARM.exidx* .gnu.linkonce.armexidx.*)
                0x08002468                __exidx_end = .
                0x08002468                . = ALIGN (0x4)
                0x08002468                _etext = .
                0x08002468                __etext = .

.data_CCMRAM    0x10000000        0x0 load address 0x08002468
 FILL mask 0xff
 *(.data.CCMRAM .data.CCMRAM.*)
                0x10000000                . = ALIGN (0x4)
                0x08002468                _sidata = LOADADDR (.data)

.data           0x20000000       0x78 load address 0x08002468
 FILL mask 0xff
                0x20000000                _sdata = .
                0x20000000                __data_start__ = .
 *(.data_begin .data_begin.*)
 .data_begin    0x20000000        0x4 ./system/src/newlib/_startup.o
 *(.data .data.*)
 .data.argv.4310
                0x20000004        0x8 ./system/src/newlib/_syscalls.o
 .data.SystemCoreClock
                0x2000000c        0x4 ./system/src/cmsis/system_stm32f4xx.o
                0x2000000c                SystemCoreClock
 .data._impure_ptr
                0x20000010        0x4 e:/private/imtmaterial/imttools/sdk/imt_sdk_win_64/winarm/armgcc/bin/../lib/gcc/arm-none-eabi/7.2.1/../../../../arm-none-eabi/lib/thumb/v7e-m\libg_nano.a(lib_a-impure.o)
                0x20000010                _impure_ptr
 .data.impure_data
                0x20000014       0x60 e:/private/imtmaterial/imttools/sdk/imt_sdk_win_64/winarm/armgcc/bin/../lib/gcc/arm-none-eabi/7.2.1/../../../../arm-none-eabi/lib/thumb/v7e-m\libg_nano.a(lib_a-impure.o)
 *(.data_end .data_end.*)
 .data_end      0x20000074        0x4 ./system/src/newlib/_startup.o
                0x20000078                . = ALIGN (0x4)
                0x20000078                _edata = .
                0x20000078                __data_end__ = .

.igot.plt       0x20000078        0x0 load address 0x080024e0
 .igot.plt      0x20000078        0x0 ./system/src/stm32f4-hal/stm32f4xx_hal.o

.bss_CCMRAM     0x10000000        0x0
 *(.bss.CCMRAM .bss.CCMRAM.*)

.bss            0x20000078      0x1b4
                0x20000078                __bss_start__ = .
                0x20000078                _sbss = .
 *(.bss_begin .bss_begin.*)
 .bss_begin     0x20000078        0x4 ./system/src/newlib/_startup.o
 *(.bss .bss.*)
 .bss.current_heap_end.3961
                0x2000007c        0x4 ./system/src/newlib/_sbrk.o
 .bss.name.4309
                0x20000080        0x1 ./system/src/newlib/_syscalls.o
 *fill*         0x20000081        0x3 
 .bss.buf.5205  0x20000084       0x80 ./system/src/diag/Trace.o
 .bss.Global_pvCallBack
                0x20000104       0x40 ./src/EXTI_program.o
                0x20000104                Global_pvCallBack
 .bss.Global_au32ReceivedFrame
                0x20000144       0xc8 ./src/IR_program.o
                0x20000144                Global_au32ReceivedFrame
 .bss.Global_u8ButtonData
                0x2000020c        0x1 ./src/IR_program.o
                0x2000020c                Global_u8ButtonData
 .bss.Global_u8EdgeCounter
                0x2000020d        0x1 ./src/IR_program.o
                0x2000020d                Global_u8EdgeCounter
 .bss.Global_u8StartEdgeFlag
                0x2000020e        0x1 ./src/IR_program.o
                0x2000020e                Global_u8StartEdgeFlag
 *fill*         0x2000020f        0x1 
 .bss.Global_pvoidCallBackFunction
                0x20000210        0x4 ./src/SYSTICK_program.o
 .bss.Global_u8PeriodicIntervalStatue
                0x20000214        0x1 ./src/SYSTICK_program.o
                0x20000214                Global_u8PeriodicIntervalStatue
 *fill*         0x20000215        0x3 
 .bss.__malloc_free_list
                0x20000218        0x4 e:/private/imtmaterial/imttools/sdk/imt_sdk_win_64/winarm/armgcc/bin/../lib/gcc/arm-none-eabi/7.2.1/../../../../arm-none-eabi/lib/thumb/v7e-m\libg_nano.a(lib_a-nano-mallocr.o)
                0x20000218                __malloc_free_list
 .bss.__malloc_sbrk_start
                0x2000021c        0x4 e:/private/imtmaterial/imttools/sdk/imt_sdk_win_64/winarm/armgcc/bin/../lib/gcc/arm-none-eabi/7.2.1/../../../../arm-none-eabi/lib/thumb/v7e-m\libg_nano.a(lib_a-nano-mallocr.o)
                0x2000021c                __malloc_sbrk_start
 *(COMMON)
 COMMON         0x20000220        0x4 ./system/src/stm32f4-hal/stm32f4xx_hal.o
                0x20000220                uwTick
 COMMON         0x20000224        0x4 ./system/src/newlib/_syscalls.o
                0x20000224                errno
 *(.bss_end .bss_end.*)
 .bss_end       0x20000228        0x4 ./system/src/newlib/_startup.o
                0x2000022c                . = ALIGN (0x4)
                0x2000022c                __bss_end__ = .
                0x2000022c                _ebss = .

.noinit_CCMRAM
 *(.noinit.CCMRAM .noinit.CCMRAM.*)

.noinit         0x2000022c        0x0
                0x2000022c                _noinit = .
 *(.noinit .noinit.*)
                0x2000022c                . = ALIGN (0x4)
                0x2000022c                _end_noinit = .
                [!provide]                PROVIDE (end, _end_noinit)
                [!provide]                PROVIDE (_end, _end_noinit)
                [!provide]                PROVIDE (__end, _end_noinit)
                [!provide]                PROVIDE (__end__, _end_noinit)

._check_stack   0x2000022c      0x100
                0x2000032c                . = (. + _Minimum_Stack_Size)
 *fill*         0x2000022c      0x100 

.b1text
 *(.b1text)
 *(.b1rodata)
 *(.b1rodata.*)

.eb0text
 *(.eb0text)
 *(.eb0rodata)
 *(.eb0rodata.*)

.eb1text
 *(.eb1text)
 *(.eb1rodata)
 *(.eb1rodata.*)

.eb2text
 *(.eb2text)
 *(.eb2rodata)
 *(.eb2rodata.*)

.eb3text
 *(.eb3text)
 *(.eb3rodata)
 *(.eb3rodata.*)

.stab
 *(.stab)

.stabstr
 *(.stabstr)

.stab.excl
 *(.stab.excl)

.stab.exclstr
 *(.stab.exclstr)

.stab.index
 *(.stab.index)

.stab.indexstr
 *(.stab.indexstr)

.comment        0x00000000       0x7e
 *(.comment)
 .comment       0x00000000       0x7e ./system/src/stm32f4-hal/stm32f4xx_hal.o
                                 0x7f (size before relaxing)
 .comment       0x0000007e       0x7f ./system/src/stm32f4-hal/stm32f4xx_hal_cortex.o
 .comment       0x0000007e       0x7f ./system/src/stm32f4-hal/stm32f4xx_hal_rcc.o
 .comment       0x0000007e       0x7f ./system/src/newlib/_exit.o
 .comment       0x0000007e       0x7f ./system/src/newlib/_sbrk.o
 .comment       0x0000007e       0x7f ./system/src/newlib/_startup.o
 .comment       0x0000007e       0x7f ./system/src/newlib/_syscalls.o
 .comment       0x0000007e       0x7f ./system/src/newlib/assert.o
 .comment       0x0000007e       0x7f ./system/src/diag/Trace.o
 .comment       0x0000007e       0x7f ./system/src/diag/trace_impl.o
 .comment       0x0000007e       0x7f ./system/src/cortexm/_initialize_hardware.o
 .comment       0x0000007e       0x7f ./system/src/cortexm/exception_handlers.o
 .comment       0x0000007e       0x7f ./system/src/cmsis/system_stm32f4xx.o
 .comment       0x0000007e       0x7f ./system/src/cmsis/vectors_stm32f401xc.o
 .comment       0x0000007e       0x7f ./src/EXTI_program.o
 .comment       0x0000007e       0x7f ./src/GPIO_program.o
 .comment       0x0000007e       0x7f ./src/IR_program.o
 .comment       0x0000007e       0x7f ./src/NVIC_program.o
 .comment       0x0000007e       0x7f ./src/RCC_program.o
 .comment       0x0000007e       0x7f ./src/SYSCFG_program.o
 .comment       0x0000007e       0x7f ./src/SYSTICK_program.o
 .comment       0x0000007e       0x7f ./src/_initialize_hardware.o
 .comment       0x0000007e       0x7f ./src/main.o
 .comment       0x0000007e       0x7f ./src/stm32f4xx_hal_msp.o

.ARM.attributes
                0x00000000       0x31
 .ARM.attributes
                0x00000000       0x33 ./system/src/stm32f4-hal/stm32f4xx_hal.o
 .ARM.attributes
                0x00000033       0x33 ./system/src/stm32f4-hal/stm32f4xx_hal_cortex.o
 .ARM.attributes
                0x00000066       0x33 ./system/src/stm32f4-hal/stm32f4xx_hal_rcc.o
 .ARM.attributes
                0x00000099       0x33 ./system/src/newlib/_exit.o
 .ARM.attributes
                0x000000cc       0x33 ./system/src/newlib/_sbrk.o
 .ARM.attributes
                0x000000ff       0x33 ./system/src/newlib/_startup.o
 .ARM.attributes
                0x00000132       0x33 ./system/src/newlib/_syscalls.o
 .ARM.attributes
                0x00000165       0x33 ./system/src/newlib/assert.o
 .ARM.attributes
                0x00000198       0x33 ./system/src/diag/Trace.o
 .ARM.attributes
                0x000001cb       0x33 ./system/src/diag/trace_impl.o
 .ARM.attributes
                0x000001fe       0x33 ./system/src/cortexm/_initialize_hardware.o
 .ARM.attributes
                0x00000231       0x33 ./system/src/cortexm/exception_handlers.o
 .ARM.attributes
                0x00000264       0x33 ./system/src/cmsis/system_stm32f4xx.o
 .ARM.attributes
                0x00000297       0x33 ./system/src/cmsis/vectors_stm32f401xc.o
 .ARM.attributes
                0x000002ca       0x33 ./src/EXTI_program.o
 .ARM.attributes
                0x000002fd       0x33 ./src/GPIO_program.o
 .ARM.attributes
                0x00000330       0x33 ./src/IR_program.o
 .ARM.attributes
                0x00000363       0x33 ./src/NVIC_program.o
 .ARM.attributes
                0x00000396       0x33 ./src/RCC_program.o
 .ARM.attributes
                0x000003c9       0x33 ./src/SYSCFG_program.o
 .ARM.attributes
                0x000003fc       0x33 ./src/SYSTICK_program.o
 .ARM.attributes
                0x0000042f       0x33 ./src/_initialize_hardware.o
 .ARM.attributes
                0x00000462       0x33 ./src/main.o
 .ARM.attributes
                0x00000495       0x33 ./src/stm32f4xx_hal_msp.o
 .ARM.attributes
                0x000004c8       0x2e e:/private/imtmaterial/imttools/sdk/imt_sdk_win_64/winarm/armgcc/bin/../lib/gcc/arm-none-eabi/7.2.1/../../../../arm-none-eabi/lib/thumb/v7e-m\libg_nano.a(lib_a-errno.o)
 .ARM.attributes
                0x000004f6       0x2e e:/private/imtmaterial/imttools/sdk/imt_sdk_win_64/winarm/armgcc/bin/../lib/gcc/arm-none-eabi/7.2.1/../../../../arm-none-eabi/lib/thumb/v7e-m\libg_nano.a(lib_a-impure.o)
 .ARM.attributes
                0x00000524       0x17 e:/private/imtmaterial/imttools/sdk/imt_sdk_win_64/winarm/armgcc/bin/../lib/gcc/arm-none-eabi/7.2.1/../../../../arm-none-eabi/lib/thumb/v7e-m\libg_nano.a(lib_a-strlen.o)
 .ARM.attributes
                0x0000053b       0x2e e:/private/imtmaterial/imttools/sdk/imt_sdk_win_64/winarm/armgcc/bin/../lib/gcc/arm-none-eabi/7.2.1/../../../../arm-none-eabi/lib/thumb/v7e-m\libg_nano.a(lib_a-vsnprintf.o)
 .ARM.attributes
                0x00000569       0x2e e:/private/imtmaterial/imttools/sdk/imt_sdk_win_64/winarm/armgcc/bin/../lib/gcc/arm-none-eabi/7.2.1/../../../../arm-none-eabi/lib/thumb/v7e-m\libg_nano.a(lib_a-nano-svfprintf.o)
 .ARM.attributes
                0x00000597       0x2e e:/private/imtmaterial/imttools/sdk/imt_sdk_win_64/winarm/armgcc/bin/../lib/gcc/arm-none-eabi/7.2.1/../../../../arm-none-eabi/lib/thumb/v7e-m\libg_nano.a(lib_a-nano-vfprintf_i.o)
 .ARM.attributes
                0x000005c5       0x1c e:/private/imtmaterial/imttools/sdk/imt_sdk_win_64/winarm/armgcc/bin/../lib/gcc/arm-none-eabi/7.2.1/../../../../arm-none-eabi/lib/thumb/v7e-m\libg_nano.a(lib_a-memchr.o)
 .ARM.attributes
                0x000005e1       0x2e e:/private/imtmaterial/imttools/sdk/imt_sdk_win_64/winarm/armgcc/bin/../lib/gcc/arm-none-eabi/7.2.1/../../../../arm-none-eabi/lib/thumb/v7e-m\libg_nano.a(lib_a-memcpy-stub.o)
 .ARM.attributes
                0x0000060f       0x2e e:/private/imtmaterial/imttools/sdk/imt_sdk_win_64/winarm/armgcc/bin/../lib/gcc/arm-none-eabi/7.2.1/../../../../arm-none-eabi/lib/thumb/v7e-m\libg_nano.a(lib_a-memmove.o)
 .ARM.attributes
                0x0000063d       0x2e e:/private/imtmaterial/imttools/sdk/imt_sdk_win_64/winarm/armgcc/bin/../lib/gcc/arm-none-eabi/7.2.1/../../../../arm-none-eabi/lib/thumb/v7e-m\libg_nano.a(lib_a-nano-freer.o)
 .ARM.attributes
                0x0000066b       0x2e e:/private/imtmaterial/imttools/sdk/imt_sdk_win_64/winarm/armgcc/bin/../lib/gcc/arm-none-eabi/7.2.1/../../../../arm-none-eabi/lib/thumb/v7e-m\libg_nano.a(lib_a-nano-mallocr.o)
 .ARM.attributes
                0x00000699       0x2e e:/private/imtmaterial/imttools/sdk/imt_sdk_win_64/winarm/armgcc/bin/../lib/gcc/arm-none-eabi/7.2.1/../../../../arm-none-eabi/lib/thumb/v7e-m\libg_nano.a(lib_a-nano-reallocr.o)
 .ARM.attributes
                0x000006c7       0x2e e:/private/imtmaterial/imttools/sdk/imt_sdk_win_64/winarm/armgcc/bin/../lib/gcc/arm-none-eabi/7.2.1/../../../../arm-none-eabi/lib/thumb/v7e-m\libg_nano.a(lib_a-sbrkr.o)
 .ARM.attributes
                0x000006f5       0x2e e:/private/imtmaterial/imttools/sdk/imt_sdk_win_64/winarm/armgcc/bin/../lib/gcc/arm-none-eabi/7.2.1/../../../../arm-none-eabi/lib/thumb/v7e-m\libg_nano.a(lib_a-mlock.o)
 .ARM.attributes
                0x00000723       0x2e e:/private/imtmaterial/imttools/sdk/imt_sdk_win_64/winarm/armgcc/bin/../lib/gcc/arm-none-eabi/7.2.1/../../../../arm-none-eabi/lib/thumb/v7e-m\libg_nano.a(lib_a-nano-msizer.o)

.debug
 *(.debug)

.line
 *(.line)

.debug_srcinfo
 *(.debug_srcinfo)

.debug_sfnames
 *(.debug_sfnames)

.debug_aranges  0x00000000      0x718
 *(.debug_aranges)
 .debug_aranges
                0x00000000       0xc0 ./system/src/stm32f4-hal/stm32f4xx_hal.o
 .debug_aranges
                0x000000c0       0x98 ./system/src/stm32f4-hal/stm32f4xx_hal_cortex.o
 .debug_aranges
                0x00000158       0x88 ./system/src/stm32f4-hal/stm32f4xx_hal_rcc.o
 .debug_aranges
                0x000001e0       0x28 ./system/src/newlib/_exit.o
 .debug_aranges
                0x00000208       0x20 ./system/src/newlib/_sbrk.o
 .debug_aranges
                0x00000228       0x40 ./system/src/newlib/_startup.o
 .debug_aranges
                0x00000268       0x30 ./system/src/newlib/_syscalls.o
 .debug_aranges
                0x00000298       0x28 ./system/src/newlib/assert.o
 .debug_aranges
                0x000002c0       0x38 ./system/src/diag/Trace.o
 .debug_aranges
                0x000002f8       0x30 ./system/src/diag/trace_impl.o
 .debug_aranges
                0x00000328       0x28 ./system/src/cortexm/_initialize_hardware.o
 .debug_aranges
                0x00000350       0x90 ./system/src/cortexm/exception_handlers.o
 .debug_aranges
                0x000003e0       0x28 ./system/src/cmsis/system_stm32f4xx.o
 .debug_aranges
                0x00000408       0x20 ./system/src/cmsis/vectors_stm32f401xc.o
 .debug_aranges
                0x00000428       0xc0 ./src/EXTI_program.o
 .debug_aranges
                0x000004e8       0x58 ./src/GPIO_program.o
 .debug_aranges
                0x00000540       0x30 ./src/IR_program.o
 .debug_aranges
                0x00000570       0x50 ./src/NVIC_program.o
 .debug_aranges
                0x000005c0       0x30 ./src/RCC_program.o
 .debug_aranges
                0x000005f0       0x20 ./src/SYSCFG_program.o
 .debug_aranges
                0x00000610       0x88 ./src/SYSTICK_program.o
 .debug_aranges
                0x00000698       0x28 ./src/_initialize_hardware.o
 .debug_aranges
                0x000006c0       0x20 ./src/main.o
 .debug_aranges
                0x000006e0       0x38 ./src/stm32f4xx_hal_msp.o

.debug_pubnames
 *(.debug_pubnames)

.debug_info     0x00000000     0xd6c1
 *(.debug_info .gnu.linkonce.wi.*)
 .debug_info    0x00000000     0x107e ./system/src/stm32f4-hal/stm32f4xx_hal.o
 .debug_info    0x0000107e     0x1863 ./system/src/stm32f4-hal/stm32f4xx_hal_cortex.o
 .debug_info    0x000028e1     0x177e ./system/src/stm32f4-hal/stm32f4xx_hal_rcc.o
 .debug_info    0x0000405f      0x956 ./system/src/newlib/_exit.o
 .debug_info    0x000049b5      0x942 ./system/src/newlib/_sbrk.o
 .debug_info    0x000052f7      0x4bf ./system/src/newlib/_startup.o
 .debug_info    0x000057b6      0xa19 ./system/src/newlib/_syscalls.o
 .debug_info    0x000061cf      0x9ff ./system/src/newlib/assert.o
 .debug_info    0x00006bce      0xb2a ./system/src/diag/Trace.o
 .debug_info    0x000076f8      0xb6b ./system/src/diag/trace_impl.o
 .debug_info    0x00008263      0xade ./system/src/cortexm/_initialize_hardware.o
 .debug_info    0x00008d41     0x115a ./system/src/cortexm/exception_handlers.o
 .debug_info    0x00009e9b      0xcfe ./system/src/cmsis/system_stm32f4xx.o
 .debug_info    0x0000ab99       0xca ./system/src/cmsis/vectors_stm32f401xc.o
 .debug_info    0x0000ac63      0x2d7 ./src/EXTI_program.o
 .debug_info    0x0000af3a      0x25d ./src/GPIO_program.o
 .debug_info    0x0000b197      0x301 ./src/IR_program.o
 .debug_info    0x0000b498      0x306 ./src/NVIC_program.o
 .debug_info    0x0000b79e       0xf0 ./src/RCC_program.o
 .debug_info    0x0000b88e      0x112 ./src/SYSCFG_program.o
 .debug_info    0x0000b9a0      0x278 ./src/SYSTICK_program.o
 .debug_info    0x0000bc18      0xd34 ./src/_initialize_hardware.o
 .debug_info    0x0000c94c      0x466 ./src/main.o
 .debug_info    0x0000cdb2      0x90f ./src/stm32f4xx_hal_msp.o

.debug_abbrev   0x00000000     0x2c52
 *(.debug_abbrev)
 .debug_abbrev  0x00000000      0x32b ./system/src/stm32f4-hal/stm32f4xx_hal.o
 .debug_abbrev  0x0000032b      0x3f1 ./system/src/stm32f4-hal/stm32f4xx_hal_cortex.o
 .debug_abbrev  0x0000071c      0x394 ./system/src/stm32f4-hal/stm32f4xx_hal_rcc.o
 .debug_abbrev  0x00000ab0      0x1f3 ./system/src/newlib/_exit.o
 .debug_abbrev  0x00000ca3      0x1fc ./system/src/newlib/_sbrk.o
 .debug_abbrev  0x00000e9f      0x1cb ./system/src/newlib/_startup.o
 .debug_abbrev  0x0000106a      0x234 ./system/src/newlib/_syscalls.o
 .debug_abbrev  0x0000129e      0x1f3 ./system/src/newlib/assert.o
 .debug_abbrev  0x00001491      0x276 ./system/src/diag/Trace.o
 .debug_abbrev  0x00001707      0x2ef ./system/src/diag/trace_impl.o
 .debug_abbrev  0x000019f6      0x1de ./system/src/cortexm/_initialize_hardware.o
 .debug_abbrev  0x00001bd4      0x32b ./system/src/cortexm/exception_handlers.o
 .debug_abbrev  0x00001eff      0x216 ./system/src/cmsis/system_stm32f4xx.o
 .debug_abbrev  0x00002115       0x9d ./system/src/cmsis/vectors_stm32f401xc.o
 .debug_abbrev  0x000021b2      0x121 ./src/EXTI_program.o
 .debug_abbrev  0x000022d3       0xe2 ./src/GPIO_program.o
 .debug_abbrev  0x000023b5       0xd9 ./src/IR_program.o
 .debug_abbrev  0x0000248e      0x113 ./src/NVIC_program.o
 .debug_abbrev  0x000025a1       0x70 ./src/RCC_program.o
 .debug_abbrev  0x00002611       0xa4 ./src/SYSCFG_program.o
 .debug_abbrev  0x000026b5      0x125 ./src/SYSTICK_program.o
 .debug_abbrev  0x000027da      0x22d ./src/_initialize_hardware.o
 .debug_abbrev  0x00002a07       0x9a ./src/main.o
 .debug_abbrev  0x00002aa1      0x1b1 ./src/stm32f4xx_hal_msp.o

.debug_line     0x00000000     0x8910
 *(.debug_line)
 .debug_line    0x00000000      0xbb8 ./system/src/stm32f4-hal/stm32f4xx_hal.o
 .debug_line    0x00000bb8      0xcaf ./system/src/stm32f4-hal/stm32f4xx_hal_cortex.o
 .debug_line    0x00001867      0xe3a ./system/src/stm32f4-hal/stm32f4xx_hal_rcc.o
 .debug_line    0x000026a1      0x37b ./system/src/newlib/_exit.o
 .debug_line    0x00002a1c      0x32f ./system/src/newlib/_sbrk.o
 .debug_line    0x00002d4b      0x3f7 ./system/src/newlib/_startup.o
 .debug_line    0x00003142      0x450 ./system/src/newlib/_syscalls.o
 .debug_line    0x00003592      0x3b6 ./system/src/newlib/assert.o
 .debug_line    0x00003948      0x3f7 ./system/src/diag/Trace.o
 .debug_line    0x00003d3f      0xaeb ./system/src/diag/trace_impl.o
 .debug_line    0x0000482a      0xa54 ./system/src/cortexm/_initialize_hardware.o
 .debug_line    0x0000527e      0xba2 ./system/src/cortexm/exception_handlers.o
 .debug_line    0x00005e20      0xa5a ./system/src/cmsis/system_stm32f4xx.o
 .debug_line    0x0000687a      0x10d ./system/src/cmsis/vectors_stm32f401xc.o
 .debug_line    0x00006987      0x237 ./src/EXTI_program.o
 .debug_line    0x00006bbe      0x1af ./src/GPIO_program.o
 .debug_line    0x00006d6d      0x169 ./src/IR_program.o
 .debug_line    0x00006ed6      0x111 ./src/NVIC_program.o
 .debug_line    0x00006fe7       0xf2 ./src/RCC_program.o
 .debug_line    0x000070d9       0xc0 ./src/SYSCFG_program.o
 .debug_line    0x00007199      0x1b8 ./src/SYSTICK_program.o
 .debug_line    0x00007351      0xa4d ./src/_initialize_hardware.o
 .debug_line    0x00007d9e      0x124 ./src/main.o
 .debug_line    0x00007ec2      0xa4e ./src/stm32f4xx_hal_msp.o

.debug_frame    0x00000000     0x1100
 *(.debug_frame)
 .debug_frame   0x00000000      0x188 ./system/src/stm32f4-hal/stm32f4xx_hal.o
 .debug_frame   0x00000188      0x17c ./system/src/stm32f4-hal/stm32f4xx_hal_cortex.o
 .debug_frame   0x00000304      0x140 ./system/src/stm32f4-hal/stm32f4xx_hal_rcc.o
 .debug_frame   0x00000444       0x38 ./system/src/newlib/_exit.o
 .debug_frame   0x0000047c       0x28 ./system/src/newlib/_sbrk.o
 .debug_frame   0x000004a4       0x7c ./system/src/newlib/_startup.o
 .debug_frame   0x00000520       0x50 ./system/src/newlib/_syscalls.o
 .debug_frame   0x00000570       0x40 ./system/src/newlib/assert.o
 .debug_frame   0x000005b0       0x94 ./system/src/diag/Trace.o
 .debug_frame   0x00000644       0x64 ./system/src/diag/trace_impl.o
 .debug_frame   0x000006a8       0x40 ./system/src/cortexm/_initialize_hardware.o
 .debug_frame   0x000006e8      0x158 ./system/src/cortexm/exception_handlers.o
 .debug_frame   0x00000840       0x30 ./system/src/cmsis/system_stm32f4xx.o
 .debug_frame   0x00000870       0x20 ./system/src/cmsis/vectors_stm32f401xc.o
 .debug_frame   0x00000890      0x1e0 ./src/EXTI_program.o
 .debug_frame   0x00000a70       0xb4 ./src/GPIO_program.o
 .debug_frame   0x00000b24       0x54 ./src/IR_program.o
 .debug_frame   0x00000b78       0x80 ./src/NVIC_program.o
 .debug_frame   0x00000bf8       0x40 ./src/RCC_program.o
 .debug_frame   0x00000c38       0x2c ./src/SYSCFG_program.o
 .debug_frame   0x00000c64      0x110 ./src/SYSTICK_program.o
 .debug_frame   0x00000d74       0x4c ./src/_initialize_hardware.o
 .debug_frame   0x00000dc0       0x28 ./src/main.o
 .debug_frame   0x00000de8       0x50 ./src/stm32f4xx_hal_msp.o
 .debug_frame   0x00000e38       0x20 e:/private/imtmaterial/imttools/sdk/imt_sdk_win_64/winarm/armgcc/bin/../lib/gcc/arm-none-eabi/7.2.1/../../../../arm-none-eabi/lib/thumb/v7e-m\libg_nano.a(lib_a-errno.o)
 .debug_frame   0x00000e58       0x4c e:/private/imtmaterial/imttools/sdk/imt_sdk_win_64/winarm/armgcc/bin/../lib/gcc/arm-none-eabi/7.2.1/../../../../arm-none-eabi/lib/thumb/v7e-m\libg_nano.a(lib_a-vsnprintf.o)
 .debug_frame   0x00000ea4       0x90 e:/private/imtmaterial/imttools/sdk/imt_sdk_win_64/winarm/armgcc/bin/../lib/gcc/arm-none-eabi/7.2.1/../../../../arm-none-eabi/lib/thumb/v7e-m\libg_nano.a(lib_a-nano-svfprintf.o)
 .debug_frame   0x00000f34       0x60 e:/private/imtmaterial/imttools/sdk/imt_sdk_win_64/winarm/armgcc/bin/../lib/gcc/arm-none-eabi/7.2.1/../../../../arm-none-eabi/lib/thumb/v7e-m\libg_nano.a(lib_a-nano-vfprintf_i.o)
 .debug_frame   0x00000f94       0x28 e:/private/imtmaterial/imttools/sdk/imt_sdk_win_64/winarm/armgcc/bin/../lib/gcc/arm-none-eabi/7.2.1/../../../../arm-none-eabi/lib/thumb/v7e-m\libg_nano.a(lib_a-memcpy-stub.o)
 .debug_frame   0x00000fbc       0x28 e:/private/imtmaterial/imttools/sdk/imt_sdk_win_64/winarm/armgcc/bin/../lib/gcc/arm-none-eabi/7.2.1/../../../../arm-none-eabi/lib/thumb/v7e-m\libg_nano.a(lib_a-memmove.o)
 .debug_frame   0x00000fe4       0x38 e:/private/imtmaterial/imttools/sdk/imt_sdk_win_64/winarm/armgcc/bin/../lib/gcc/arm-none-eabi/7.2.1/../../../../arm-none-eabi/lib/thumb/v7e-m\libg_nano.a(lib_a-nano-freer.o)
 .debug_frame   0x0000101c       0x2c e:/private/imtmaterial/imttools/sdk/imt_sdk_win_64/winarm/armgcc/bin/../lib/gcc/arm-none-eabi/7.2.1/../../../../arm-none-eabi/lib/thumb/v7e-m\libg_nano.a(lib_a-nano-mallocr.o)
 .debug_frame   0x00001048       0x3c e:/private/imtmaterial/imttools/sdk/imt_sdk_win_64/winarm/armgcc/bin/../lib/gcc/arm-none-eabi/7.2.1/../../../../arm-none-eabi/lib/thumb/v7e-m\libg_nano.a(lib_a-nano-reallocr.o)
 .debug_frame   0x00001084       0x2c e:/private/imtmaterial/imttools/sdk/imt_sdk_win_64/winarm/armgcc/bin/../lib/gcc/arm-none-eabi/7.2.1/../../../../arm-none-eabi/lib/thumb/v7e-m\libg_nano.a(lib_a-sbrkr.o)
 .debug_frame   0x000010b0       0x30 e:/private/imtmaterial/imttools/sdk/imt_sdk_win_64/winarm/armgcc/bin/../lib/gcc/arm-none-eabi/7.2.1/../../../../arm-none-eabi/lib/thumb/v7e-m\libg_nano.a(lib_a-mlock.o)
 .debug_frame   0x000010e0       0x20 e:/private/imtmaterial/imttools/sdk/imt_sdk_win_64/winarm/armgcc/bin/../lib/gcc/arm-none-eabi/7.2.1/../../../../arm-none-eabi/lib/thumb/v7e-m\libg_nano.a(lib_a-nano-msizer.o)

.debug_str      0x00000000    0x76438
 *(.debug_str)
 .debug_str     0x00000000    0x6fc6c ./system/src/stm32f4-hal/stm32f4xx_hal.o
                              0x700a0 (size before relaxing)
 .debug_str     0x0006fc6c      0x39d ./system/src/stm32f4-hal/stm32f4xx_hal_cortex.o
                              0x6ff0a (size before relaxing)
 .debug_str     0x00070009      0x3fa ./system/src/stm32f4-hal/stm32f4xx_hal_rcc.o
                              0x6fc22 (size before relaxing)
 .debug_str     0x00070403     0x10ff ./system/src/newlib/_exit.o
                               0x7f01 (size before relaxing)
 .debug_str     0x00071502      0x4f5 ./system/src/newlib/_sbrk.o
                               0x72b3 (size before relaxing)
 .debug_str     0x000719f7      0x2c6 ./system/src/newlib/_startup.o
                               0x6a54 (size before relaxing)
 .debug_str     0x00071cbd      0xe8b ./system/src/newlib/_syscalls.o
                               0x818e (size before relaxing)
 .debug_str     0x00072b48       0xd0 ./system/src/newlib/assert.o
                               0x8a06 (size before relaxing)
 .debug_str     0x00072c18      0x176 ./system/src/diag/Trace.o
                               0x8679 (size before relaxing)
 .debug_str     0x00072d8e      0x37b ./system/src/diag/trace_impl.o
                              0x7099f (size before relaxing)
 .debug_str     0x00073109       0x5e ./system/src/cortexm/_initialize_hardware.o
                              0x6f731 (size before relaxing)
 .debug_str     0x00073167      0x19d ./system/src/cortexm/exception_handlers.o
                              0x70b29 (size before relaxing)
 .debug_str     0x00073304       0x46 ./system/src/cmsis/system_stm32f4xx.o
                              0x6f812 (size before relaxing)
 .debug_str     0x0007334a       0x59 ./system/src/cmsis/vectors_stm32f401xc.o
                               0x3891 (size before relaxing)
 .debug_str     0x000733a3      0x5cc ./src/EXTI_program.o
                               0x336d (size before relaxing)
 .debug_str     0x0007396f      0xf3e ./src/GPIO_program.o
                               0x3f21 (size before relaxing)
 .debug_str     0x000748ad      0x8cd ./src/IR_program.o
                               0x3de9 (size before relaxing)
 .debug_str     0x0007517a      0x261 ./src/NVIC_program.o
                               0x36f6 (size before relaxing)
 .debug_str     0x000753db      0xc03 ./src/RCC_program.o
                               0x3e00 (size before relaxing)
 .debug_str     0x00075fde       0x9c ./src/SYSCFG_program.o
                               0x3148 (size before relaxing)
 .debug_str     0x0007607a      0x342 ./src/SYSTICK_program.o
                               0x33e0 (size before relaxing)
 .debug_str     0x000763bc       0x31 ./src/_initialize_hardware.o
                              0x6f928 (size before relaxing)
 .debug_str     0x000763ed        0xe ./src/main.o
                               0x3c1a (size before relaxing)
 .debug_str     0x000763fb       0x3d ./src/stm32f4xx_hal_msp.o
                              0x6f679 (size before relaxing)

.debug_loc      0x00000000     0x2495
 *(.debug_loc)
 .debug_loc     0x00000000       0x92 ./system/src/stm32f4-hal/stm32f4xx_hal.o
 .debug_loc     0x00000092      0x73b ./system/src/stm32f4-hal/stm32f4xx_hal_cortex.o
 .debug_loc     0x000007cd      0x50a ./system/src/stm32f4-hal/stm32f4xx_hal_rcc.o
 .debug_loc     0x00000cd7       0x85 ./system/src/newlib/_sbrk.o
 .debug_loc     0x00000d5c      0x2cb ./system/src/newlib/_startup.o
 .debug_loc     0x00001027       0x63 ./system/src/newlib/_syscalls.o
 .debug_loc     0x0000108a      0x134 ./system/src/newlib/assert.o
 .debug_loc     0x000011be       0xf6 ./system/src/diag/Trace.o
 .debug_loc     0x000012b4      0x121 ./system/src/diag/trace_impl.o
 .debug_loc     0x000013d5      0x291 ./system/src/cortexm/exception_handlers.o
 .debug_loc     0x00001666      0x13e ./system/src/cmsis/system_stm32f4xx.o
 .debug_loc     0x000017a4       0xe8 ./src/EXTI_program.o
 .debug_loc     0x0000188c      0x782 ./src/GPIO_program.o
 .debug_loc     0x0000200e       0x2a ./src/IR_program.o
 .debug_loc     0x00002038      0x18f ./src/NVIC_program.o
 .debug_loc     0x000021c7      0x1b0 ./src/RCC_program.o
 .debug_loc     0x00002377       0x6c ./src/SYSCFG_program.o
 .debug_loc     0x000023e3       0xb2 ./src/SYSTICK_program.o

.debug_macinfo
 *(.debug_macinfo)

.debug_weaknames
 *(.debug_weaknames)

.debug_funcnames
 *(.debug_funcnames)

.debug_typenames
 *(.debug_typenames)

.debug_varnames
 *(.debug_varnames)
OUTPUT(07-IR(ControlRGBWithIR).elf elf32-littlearm)

.debug_ranges   0x00000000      0x688
 .debug_ranges  0x00000000       0xb0 ./system/src/stm32f4-hal/stm32f4xx_hal.o
 .debug_ranges  0x000000b0       0xe8 ./system/src/stm32f4-hal/stm32f4xx_hal_cortex.o
 .debug_ranges  0x00000198       0x78 ./system/src/stm32f4-hal/stm32f4xx_hal_rcc.o
 .debug_ranges  0x00000210       0x18 ./system/src/newlib/_exit.o
 .debug_ranges  0x00000228       0x10 ./system/src/newlib/_sbrk.o
 .debug_ranges  0x00000238       0x90 ./system/src/newlib/_startup.o
 .debug_ranges  0x000002c8       0x20 ./system/src/newlib/_syscalls.o
 .debug_ranges  0x000002e8       0x18 ./system/src/newlib/assert.o
 .debug_ranges  0x00000300       0x28 ./system/src/diag/Trace.o
 .debug_ranges  0x00000328       0x50 ./system/src/diag/trace_impl.o
 .debug_ranges  0x00000378       0x18 ./system/src/cortexm/_initialize_hardware.o
 .debug_ranges  0x00000390       0x80 ./system/src/cortexm/exception_handlers.o
 .debug_ranges  0x00000410       0x18 ./system/src/cmsis/system_stm32f4xx.o
 .debug_ranges  0x00000428       0x10 ./system/src/cmsis/vectors_stm32f401xc.o
 .debug_ranges  0x00000438       0xb0 ./src/EXTI_program.o
 .debug_ranges  0x000004e8       0x48 ./src/GPIO_program.o
 .debug_ranges  0x00000530       0x20 ./src/IR_program.o
 .debug_ranges  0x00000550       0x40 ./src/NVIC_program.o
 .debug_ranges  0x00000590       0x20 ./src/RCC_program.o
 .debug_ranges  0x000005b0       0x10 ./src/SYSCFG_program.o
 .debug_ranges  0x000005c0       0x78 ./src/SYSTICK_program.o
 .debug_ranges  0x00000638       0x18 ./src/_initialize_hardware.o
 .debug_ranges  0x00000650       0x10 ./src/main.o
 .debug_ranges  0x00000660       0x28 ./src/stm32f4xx_hal_msp.o

.debug_macro    0x00000000    0x15a44
 .debug_macro   0x00000000      0x532 ./system/src/stm32f4-hal/stm32f4xx_hal.o
 .debug_macro   0x00000532      0xa6c ./system/src/stm32f4-hal/stm32f4xx_hal.o
 .debug_macro   0x00000f9e      0x289 ./system/src/stm32f4-hal/stm32f4xx_hal.o
 .debug_macro   0x00001227       0x31 ./system/src/stm32f4-hal/stm32f4xx_hal.o
 .debug_macro   0x00001258       0x28 ./system/src/stm32f4-hal/stm32f4xx_hal.o
 .debug_macro   0x00001280      0x34e ./system/src/stm32f4-hal/stm32f4xx_hal.o
 .debug_macro   0x000015ce       0x35 ./system/src/stm32f4-hal/stm32f4xx_hal.o
 .debug_macro   0x00001603       0x50 ./system/src/stm32f4-hal/stm32f4xx_hal.o
 .debug_macro   0x00001653      0xe66 ./system/src/stm32f4-hal/stm32f4xx_hal.o
 .debug_macro   0x000024b9     0x5099 ./system/src/stm32f4-hal/stm32f4xx_hal.o
 .debug_macro   0x00007552       0x43 ./system/src/stm32f4-hal/stm32f4xx_hal.o
 .debug_macro   0x00007595     0x347f ./system/src/stm32f4-hal/stm32f4xx_hal.o
 .debug_macro   0x0000aa14       0x22 ./system/src/stm32f4-hal/stm32f4xx_hal.o
 .debug_macro   0x0000aa36       0x52 ./system/src/stm32f4-hal/stm32f4xx_hal.o
 .debug_macro   0x0000aa88       0x17 ./system/src/stm32f4-hal/stm32f4xx_hal.o
 .debug_macro   0x0000aa9f       0x8d ./system/src/stm32f4-hal/stm32f4xx_hal.o
 .debug_macro   0x0000ab2c       0x35 ./system/src/stm32f4-hal/stm32f4xx_hal.o
 .debug_macro   0x0000ab61       0x9c ./system/src/stm32f4-hal/stm32f4xx_hal.o
 .debug_macro   0x0000abfd       0x16 ./system/src/stm32f4-hal/stm32f4xx_hal.o
 .debug_macro   0x0000ac13       0x57 ./system/src/stm32f4-hal/stm32f4xx_hal.o
 .debug_macro   0x0000ac6a       0x97 ./system/src/stm32f4-hal/stm32f4xx_hal.o
 .debug_macro   0x0000ad01      0x330 ./system/src/stm32f4-hal/stm32f4xx_hal.o
 .debug_macro   0x0000b031       0xfd ./system/src/stm32f4-hal/stm32f4xx_hal.o
 .debug_macro   0x0000b12e       0x10 ./system/src/stm32f4-hal/stm32f4xx_hal.o
 .debug_macro   0x0000b13e       0x58 ./system/src/stm32f4-hal/stm32f4xx_hal.o
 .debug_macro   0x0000b196       0x1f ./system/src/stm32f4-hal/stm32f4xx_hal.o
 .debug_macro   0x0000b1b5       0x43 ./system/src/stm32f4-hal/stm32f4xx_hal.o
 .debug_macro   0x0000b1f8       0x20 ./system/src/stm32f4-hal/stm32f4xx_hal.o
 .debug_macro   0x0000b218      0x18e ./system/src/stm32f4-hal/stm32f4xx_hal.o
 .debug_macro   0x0000b3a6       0x10 ./system/src/stm32f4-hal/stm32f4xx_hal.o
 .debug_macro   0x0000b3b6       0x6a ./system/src/stm32f4-hal/stm32f4xx_hal.o
 .debug_macro   0x0000b420       0x1c ./system/src/stm32f4-hal/stm32f4xx_hal.o
 .debug_macro   0x0000b43c       0x52 ./system/src/stm32f4-hal/stm32f4xx_hal.o
 .debug_macro   0x0000b48e       0x40 ./system/src/stm32f4-hal/stm32f4xx_hal.o
 .debug_macro   0x0000b4ce       0x10 ./system/src/stm32f4-hal/stm32f4xx_hal.o
 .debug_macro   0x0000b4de       0x40 ./system/src/stm32f4-hal/stm32f4xx_hal.o
 .debug_macro   0x0000b51e       0xd7 ./system/src/stm32f4-hal/stm32f4xx_hal.o
 .debug_macro   0x0000b5f5       0x1c ./system/src/stm32f4-hal/stm32f4xx_hal.o
 .debug_macro   0x0000b611       0x3d ./system/src/stm32f4-hal/stm32f4xx_hal.o
 .debug_macro   0x0000b64e       0x16 ./system/src/stm32f4-hal/stm32f4xx_hal.o
 .debug_macro   0x0000b664      0x16f ./system/src/stm32f4-hal/stm32f4xx_hal.o
 .debug_macro   0x0000b7d3       0x57 ./system/src/stm32f4-hal/stm32f4xx_hal.o
 .debug_macro   0x0000b82a      0x424 ./system/src/stm32f4-hal/stm32f4xx_hal.o
 .debug_macro   0x0000bc4e      0x9e1 ./system/src/stm32f4-hal/stm32f4xx_hal.o
 .debug_macro   0x0000c62f      0x11e ./system/src/stm32f4-hal/stm32f4xx_hal.o
 .debug_macro   0x0000c74d       0xf8 ./system/src/stm32f4-hal/stm32f4xx_hal.o
 .debug_macro   0x0000c845       0x27 ./system/src/stm32f4-hal/stm32f4xx_hal.o
 .debug_macro   0x0000c86c      0x287 ./system/src/stm32f4-hal/stm32f4xx_hal.o
 .debug_macro   0x0000caf3       0x5f ./system/src/stm32f4-hal/stm32f4xx_hal.o
 .debug_macro   0x0000cb52      0x23a ./system/src/stm32f4-hal/stm32f4xx_hal.o
 .debug_macro   0x0000cd8c      0x391 ./system/src/stm32f4-hal/stm32f4xx_hal.o
 .debug_macro   0x0000d11d      0x16f ./system/src/stm32f4-hal/stm32f4xx_hal.o
 .debug_macro   0x0000d28c       0xf9 ./system/src/stm32f4-hal/stm32f4xx_hal.o
 .debug_macro   0x0000d385       0x23 ./system/src/stm32f4-hal/stm32f4xx_hal.o
 .debug_macro   0x0000d3a8      0x13a ./system/src/stm32f4-hal/stm32f4xx_hal.o
 .debug_macro   0x0000d4e2      0x23a ./system/src/stm32f4-hal/stm32f4xx_hal.o
 .debug_macro   0x0000d71c       0x2e ./system/src/stm32f4-hal/stm32f4xx_hal.o
 .debug_macro   0x0000d74a      0x1a7 ./system/src/stm32f4-hal/stm32f4xx_hal.o
 .debug_macro   0x0000d8f1       0x22 ./system/src/stm32f4-hal/stm32f4xx_hal.o
 .debug_macro   0x0000d913       0xa5 ./system/src/stm32f4-hal/stm32f4xx_hal.o
 .debug_macro   0x0000d9b8      0x18b ./system/src/stm32f4-hal/stm32f4xx_hal.o
 .debug_macro   0x0000db43       0x24 ./system/src/stm32f4-hal/stm32f4xx_hal.o
 .debug_macro   0x0000db67       0x35 ./system/src/stm32f4-hal/stm32f4xx_hal.o
 .debug_macro   0x0000db9c       0x79 ./system/src/stm32f4-hal/stm32f4xx_hal.o
 .debug_macro   0x0000dc15      0x11e ./system/src/stm32f4-hal/stm32f4xx_hal.o
 .debug_macro   0x0000dd33       0x85 ./system/src/stm32f4-hal/stm32f4xx_hal.o
 .debug_macro   0x0000ddb8       0x89 ./system/src/stm32f4-hal/stm32f4xx_hal.o
 .debug_macro   0x0000de41      0x31a ./system/src/stm32f4-hal/stm32f4xx_hal.o
 .debug_macro   0x0000e15b      0x409 ./system/src/stm32f4-hal/stm32f4xx_hal.o
 .debug_macro   0x0000e564       0xe4 ./system/src/stm32f4-hal/stm32f4xx_hal.o
 .debug_macro   0x0000e648      0x48d ./system/src/stm32f4-hal/stm32f4xx_hal.o
 .debug_macro   0x0000ead5      0x22b ./system/src/stm32f4-hal/stm32f4xx_hal.o
 .debug_macro   0x0000ed00      0x202 ./system/src/stm32f4-hal/stm32f4xx_hal.o
 .debug_macro   0x0000ef02      0x6d9 ./system/src/stm32f4-hal/stm32f4xx_hal.o
 .debug_macro   0x0000f5db       0x5b ./system/src/stm32f4-hal/stm32f4xx_hal.o
 .debug_macro   0x0000f636      0x14d ./system/src/stm32f4-hal/stm32f4xx_hal.o
 .debug_macro   0x0000f783      0x287 ./system/src/stm32f4-hal/stm32f4xx_hal.o
 .debug_macro   0x0000fa0a      0x225 ./system/src/stm32f4-hal/stm32f4xx_hal.o
 .debug_macro   0x0000fc2f      0x1b5 ./system/src/stm32f4-hal/stm32f4xx_hal.o
 .debug_macro   0x0000fde4      0x2db ./system/src/stm32f4-hal/stm32f4xx_hal.o
 .debug_macro   0x000100bf       0x89 ./system/src/stm32f4-hal/stm32f4xx_hal.o
 .debug_macro   0x00010148      0x1df ./system/src/stm32f4-hal/stm32f4xx_hal.o
 .debug_macro   0x00010327      0x115 ./system/src/stm32f4-hal/stm32f4xx_hal.o
 .debug_macro   0x0001043c       0x6e ./system/src/stm32f4-hal/stm32f4xx_hal.o
 .debug_macro   0x000104aa      0x11e ./system/src/stm32f4-hal/stm32f4xx_hal.o
 .debug_macro   0x000105c8      0x4e4 ./system/src/stm32f4-hal/stm32f4xx_hal_cortex.o
 .debug_macro   0x00010aac      0x50e ./system/src/stm32f4-hal/stm32f4xx_hal_rcc.o
 .debug_macro   0x00010fba      0x1b4 ./system/src/newlib/_exit.o
 .debug_macro   0x0001116e      0x10e ./system/src/newlib/_exit.o
 .debug_macro   0x0001127c       0x8d ./system/src/newlib/_exit.o
 .debug_macro   0x00011309       0x35 ./system/src/newlib/_exit.o
 .debug_macro   0x0001133e      0x169 ./system/src/newlib/_sbrk.o
 .debug_macro   0x000114a7      0x174 ./system/src/newlib/_sbrk.o
 .debug_macro   0x0001161b       0x10 ./system/src/newlib/_sbrk.o
 .debug_macro   0x0001162b      0x23b ./system/src/newlib/_sbrk.o
 .debug_macro   0x00011866      0x173 ./system/src/newlib/_startup.o
 .debug_macro   0x000119d9      0xa72 ./system/src/newlib/_startup.o
 .debug_macro   0x0001244b      0x217 ./system/src/newlib/_syscalls.o
 .debug_macro   0x00012662       0x1c ./system/src/newlib/_syscalls.o
 .debug_macro   0x0001267e       0x10 ./system/src/newlib/_syscalls.o
 .debug_macro   0x0001268e       0x10 ./system/src/newlib/_syscalls.o
 .debug_macro   0x0001269e       0x10 ./system/src/newlib/_syscalls.o
 .debug_macro   0x000126ae       0x35 ./system/src/newlib/_syscalls.o
 .debug_macro   0x000126e3      0x122 ./system/src/newlib/_syscalls.o
 .debug_macro   0x00012805       0x88 ./system/src/newlib/_syscalls.o
 .debug_macro   0x0001288d       0x2b ./system/src/newlib/_syscalls.o
 .debug_macro   0x000128b8      0x118 ./system/src/newlib/_syscalls.o
 .debug_macro   0x000129d0      0x189 ./system/src/newlib/_syscalls.o
 .debug_macro   0x00012b59       0x16 ./system/src/newlib/_syscalls.o
 .debug_macro   0x00012b6f      0x1d0 ./system/src/newlib/assert.o
 .debug_macro   0x00012d3f       0x1c ./system/src/newlib/assert.o
 .debug_macro   0x00012d5b      0x1fb ./system/src/diag/Trace.o
 .debug_macro   0x00012f56       0x4c ./system/src/diag/Trace.o
 .debug_macro   0x00012fa2       0x16 ./system/src/diag/Trace.o
 .debug_macro   0x00012fb8      0x52a ./system/src/diag/trace_impl.o
 .debug_macro   0x000134e2       0x22 ./system/src/diag/trace_impl.o
 .debug_macro   0x00013504      0x4ee ./system/src/cortexm/_initialize_hardware.o
 .debug_macro   0x000139f2      0x557 ./system/src/cortexm/exception_handlers.o
 .debug_macro   0x00013f49       0x3b ./system/src/cortexm/exception_handlers.o
 .debug_macro   0x00013f84      0x4ea ./system/src/cmsis/system_stm32f4xx.o
 .debug_macro   0x0001446e       0x34 ./system/src/cmsis/vectors_stm32f401xc.o
 .debug_macro   0x000144a2       0x3f ./src/EXTI_program.o
 .debug_macro   0x000144e1       0x28 ./src/EXTI_program.o
 .debug_macro   0x00014509       0x40 ./src/EXTI_program.o
 .debug_macro   0x00014549       0x7c ./src/EXTI_program.o
 .debug_macro   0x000145c5       0x10 ./src/EXTI_program.o
 .debug_macro   0x000145d5       0x3e ./src/GPIO_program.o
 .debug_macro   0x00014613      0x136 ./src/GPIO_program.o
 .debug_macro   0x00014749      0x106 ./src/GPIO_program.o
 .debug_macro   0x0001484f       0x40 ./src/GPIO_program.o
 .debug_macro   0x0001488f       0x75 ./src/IR_program.o
 .debug_macro   0x00014904       0x1c ./src/IR_program.o
 .debug_macro   0x00014920       0x16 ./src/IR_program.o
 .debug_macro   0x00014936       0xe8 ./src/IR_program.o
 .debug_macro   0x00014a1e       0x16 ./src/IR_program.o
 .debug_macro   0x00014a34      0x15a ./src/IR_program.o
 .debug_macro   0x00014b8e       0x2e ./src/IR_program.o
 .debug_macro   0x00014bbc       0x3e ./src/NVIC_program.o
 .debug_macro   0x00014bfa       0x3a ./src/NVIC_program.o
 .debug_macro   0x00014c34       0x10 ./src/NVIC_program.o
 .debug_macro   0x00014c44       0x3e ./src/RCC_program.o
 .debug_macro   0x00014c82      0x25c ./src/RCC_program.o
 .debug_macro   0x00014ede       0x34 ./src/RCC_program.o
 .debug_macro   0x00014f12       0x3f ./src/SYSCFG_program.o
 .debug_macro   0x00014f51       0x10 ./src/SYSCFG_program.o
 .debug_macro   0x00014f61       0x3e ./src/SYSTICK_program.o
 .debug_macro   0x00014f9f       0x5e ./src/SYSTICK_program.o
 .debug_macro   0x00014ffd       0x1c ./src/SYSTICK_program.o
 .debug_macro   0x00015019      0x4e4 ./src/_initialize_hardware.o
 .debug_macro   0x000154fd       0x63 ./src/main.o
 .debug_macro   0x00015560      0x4e4 ./src/stm32f4xx_hal_msp.o
